======================================================================
DETAILED IMPORT TEST
======================================================================

1. Testing config...
python : Traceback (most 
recent call last):
At line:1 char:1
+ python detailed_test.py > 
test_output.txt 2>&1
+ ~~~~~~~~~~~~~~~~~~~~~~~~~~
~~~~~~~~~~~~~~~~~~~~
    + CategoryInfo          
    : NotSpecified: (Trace  
  back (most recent call    
 last)::String) [], Remo    
teException
    + FullyQualifiedErrorId 
    : NativeCommandError
 
  File "G:\IU 
copy\OneDrive\International 
University\Research\PPO_LGP_
Clean\detailed_test.py", 
line 13, in test_import
    exec(f"from 
{module_name} import 
{item_name}")
    ~~~~^^^^^^^^^^^^^^^^^^^^
^^^^^^^^^^^^^^^^^^^^^^
  File "<string>", line 1, 
in <module>
  File "G:\IU 
copy\OneDrive\International 
University\Research\PPO_LGP_
Clean\config.py", line 310, 
in <module>
    validate_config()
    ~~~~~~~~~~~~~~~^^
  File "G:\IU 
copy\OneDrive\International 
University\Research\PPO_LGP_
Clean\config.py", line 223, 
in validate_config
    print("\u2705 
Configuration validated 
successfully!")
    ~~~~~^^^^^^^^^^^^^^^^^^^
^^^^^^^^^^^^^^^^^^^^^^^^^
  File "C:\Program Files\Pyt
hon313\Lib\encodings\cp1252.
py", line 19, in encode
    return codecs.charmap_en
code(input,self.errors,encod
ing_table)[0]
           ~~~~~~~~~~~~~~~~~
~~~~^^^^^^^^^^^^^^^^^^^^^^^^
^^^^^^^^^^
UnicodeEncodeError: 
'charmap' codec can't 
encode character '\u2705' 
in position 0: character 
maps to <undefined>

During handling of the 
above exception, another 
exception occurred:

Traceback (most recent call 
last):
  File "G:\IU 
copy\OneDrive\International 
University\Research\PPO_LGP_
Clean\detailed_test.py", 
line 29, in <module>
    test_import("config", 
"LGPConfig")
    ~~~~~~~~~~~^^^^^^^^^^^^^
^^^^^^^^^^
  File "G:\IU 
copy\OneDrive\International 
University\Research\PPO_LGP_
Clean\detailed_test.py", 
line 20, in test_import
    print(f"\u2717 ERROR: 
{e}")
    ~~~~~^^^^^^^^^^^^^^^^^
  File "C:\Program Files\Pyt
hon313\Lib\encodings\cp1252.
py", line 19, in encode
    return codecs.charmap_en
code(input,self.errors,encod
ing_table)[0]
           ~~~~~~~~~~~~~~~~~
~~~~^^^^^^^^^^^^^^^^^^^^^^^^
^^^^^^^^^^
UnicodeEncodeError: 
'charmap' codec can't 
encode character '\u2717' 
in position 0: character 
maps to <undefined>
  Importing LGPConfig from config... 
